---
permalink: pmd_rules_java-defaults.xml
layout: none
---
<?xml version="1.0"?>
<ruleset name="java-defaults"
    xmlns="http://pmd.sourceforge.net/ruleset/2.0.0"
    xmlns:xsi="http://www.w3.org/2001/XMLSchema-instance"
    xsi:schemaLocation="http://pmd.sourceforge.net/ruleset/2.0.0 https://pmd.sourceforge.io/ruleset_2_0_0.xsd">
    <description>
All Rules for language Java with their default properties
    </description>

<!-- Ruleset: Sample -->

<rule ref="category/java/sample.xml/JumbledIncrementer">
    <properties>
        <property name="sampleAdditionalProperty" value="the value" />
        <property name="sampleMultiStringProperty" value="Value1|Value2" />
        <property name="sampleRegexProperty1" value="\/\*\s+(default|package)\s+\*\/" />
        <property name="sampleRegexProperty2" value="[a-z]*" />
        <property name="sampleRegexProperty3" value="\s+" />
        <property name="sampleRegexProperty4" value="_dd_" />
        <property name="sampleRegexProperty5" value="[0-9]{1,3}" />
        <property name="sampleRegexProperty6" value="\b" />
        <property name="sampleRegexProperty7" value="\n" />
    </properties>
</rule>

<rule ref="category/java/sample.xml/OverrideBothEqualsAndHashcode"/>

<rule ref="category/java/sample.xml/XSSInDocumentation">
    <properties>
        <property name="XSSpropertyTest <script>alert('XSS');</script>" value="<script>alert('XSS');</script>" />
        <property name="escapingNeeded" value="this is escaped: |" />
        <property name="sampleRegexProperty" value="\/\*\s+(default|package)\s+\*\/" />
    </properties>
</rule>

</ruleset>
